[fhs-news.org/index.html]
[backblue.gif]
[fade.gif]
[index.html]
[fhs-news.org/img/favicon.ico]
[fhs-news.org/css/global.css]
[fhs-news.org/css/home.css]
[fhs-news.org/js/DOM.js]
[fhs-news.org/js/clockv4.js]
[ajax.googleapis.com/ajax/libs/jquery/3.5.1/jquery.min.js]
[cdnjs.cloudflare.com/ajax/libs/chess.js/0.10.2/chess.min.js]
[cdnjs.cloudflare.com/ajax/libs/chessboard-js/1.0.0/chessboard-1.0.0.min.js]
[cdnjs.cloudflare.com/ajax/libs/chessboard-js/1.0.0/chessboard-1.0.0.min.css]
[fhs-news.org/js/themes.js]
[cdn.jsdelivr.net/npm/canvas-confetti@1.9.0/dist/confetti.browser.min.js]
[fhs-news.org/info.html]
[fhs-news.org/img/questionmark_white.png]
[fhs-news.org/img/snowflake.svg]
[fhs-news.org/img/tree.svg]
[fhs-news.org/img/wave.svg]
[fhs-news.org/img/star.svg]
[fhs-news.org/img/lava.svg]
[fhs-news.org/img/vaporsun.svg]
[fhs-news.org/img/book.svg]
[fhs-news.org/img/mountains.svg]
[fhs-news.org/img/bitcoin.svg]
[fhs-news.org/img/sunset.svg]
[fhs-news.org/img/shaded.svg]
[fhs-news.org/img/lebron.svg]
[fhs-news.org/img/canvas.png]
[fhs-news.org/img/skyward.png]
[fhs-news.org/img/clever.png]
[fhs-news.org/img/The Tiger Times-logos.jpg]
[fhs-news.org/img/the340.png]
[fhs-news.org/img/gradcap.svg]
[fhs-news.org/clubs.html]
[fhs-news.org/img/clubs.svg]
[fhs-news.org/calendar.html]
[fhs-news.org/img/calendar.svg]
[fhs-news.org/index.html]
[fhs-news.org/fonts/roboto-bold-webfont.woff]
[fhs-news.org/fonts/roboto-regular-webfont.woff]
[fhs-news.org/css/global.css]
[fhs-news.org/img/lock.svg]
[fhs-news.org/css/home.css]
[cdnjs.cloudflare.com/ajax/libs/chessboard-js/1.0.0/chessboard-1.0.0.min.css]
[fhs-news.org/css/info.css]
[fhs-news.org/info.html]
[fhs-news.org/img/snowflake.svg]
[fhs-news.org/img/tree.svg]
[fhs-news.org/img/wave.svg]
[fhs-news.org/img/star.svg]
[fhs-news.org/img/lava.svg]
[fhs-news.org/img/vaporsun.svg]
[fhs-news.org/img/book.svg]
[fhs-news.org/img/mountains.svg]
[fhs-news.org/img/bitcoin.svg]
[fhs-news.org/img/sunset.svg]
[fhs-news.org/img/shaded.svg]
[fhs-news.org/img/lebron.svg]
[fhs-news.org/img/gradcap.svg]
[fhs-news.org/css/club.css]
[fhs-news.org/js/clubs.js]
[fhs-news.org/clubs.html]
[fhs-news.org/img/clubs.svg]
[fhs-news.org/js/calendar.js]
[fhs-news.org/css/calendar.css]
[fhs-news.org/calendar.html]
[fhs-news.org/img/calendar.svg]
[fhs-news.org/img/lock.svg]
[fhs-news.org/img/checkmark.svg]
[fhs-news.org/css/info.css]
[fhs-news.org/css/club.css]
[fhs-news.org/css/calendar.css]
